
Memory Configuration

Name             Origin             Length             Attributes
*default*        0x0000000000000000 0xffffffffffffffff

Linker script and memory map

                0x0000000000200000                . = 0x200000
                0x0000000000200000                __begin_start_text = .

.start.text     0x0000000000200000       0xd5
 *(.start.text)
 .start.text    0x0000000000200000       0xd5 entry.o
                0x0000000000200000                _start
                0x00000000002000d5                __end_start_text = .
                0x00000000002000d5                __begin_text = .

.text           0x00000000002000d8       0x24
 *(.text)
 .text          0x00000000002000d8        0x0 main.o
 .text          0x00000000002000d8       0x24 vgastr.o
                0x00000000002000d8                _strwrite
                0x00000000002000f1                printf
                0x00000000002000fc                __end_text = .
                0x00000000002000fc                __begin_data = .

.iplt           0x0000000000200100        0x0
 .iplt          0x0000000000200100        0x0 entry.o

.text.unlikely  0x00000000002000fc        0x0
 .text.unlikely
                0x00000000002000fc        0x0 main.o
 .text.unlikely
                0x00000000002000fc        0x0 vgastr.o

.text.startup   0x00000000002000fc       0x26
 .text.startup  0x00000000002000fc       0x26 main.o
                0x00000000002000fc                main

.data           0x0000000000200124        0x0
 *(.data)
 .data          0x0000000000200124        0x0 main.o
 .data          0x0000000000200124        0x0 vgastr.o
                0x0000000000200124                __end_data = .
                0x0000000000200124                __begin_rodata = .

.got            0x0000000000200124        0x0
 .got           0x0000000000200124        0x0 entry.o

.got.plt        0x0000000000200124        0x0
 .got.plt       0x0000000000200124        0x0 entry.o

.igot.plt       0x0000000000200124        0x0
 .igot.plt      0x0000000000200124        0x0 entry.o

.rodata         0x0000000000200124        0xa
 *(.rodata)
 *(.rodata.*)
 .rodata.str1.1
                0x0000000000200124        0xa main.o
                0x000000000020012e                __end_rodata = .
                0x000000000020012e                __begin_kstrtab = .

.eh_frame       0x0000000000200130       0x70
 .eh_frame      0x0000000000200130       0x44 main.o
 .eh_frame      0x0000000000200174       0x2c vgastr.o
                                         0x44 (size before relaxing)

.rel.dyn        0x00000000002001a0        0x0
 .rel.got       0x00000000002001a0        0x0 entry.o
 .rel.iplt      0x00000000002001a0        0x0 entry.o

.kstrtab
 *(.kstrtab)
                0x00000000002001a0                __end_kstrtab = .
                0x00000000002001a0                __begin_bss = .

.bss            0x00000000002001a0        0x0
 *(.bss)
 .bss           0x00000000002001a0        0x0 main.o
 .bss           0x00000000002001a0        0x0 vgastr.o
                0x00000000002001a0                __end_bss = .
LOAD entry.o
LOAD main.o
LOAD vgastr.o
OUTPUT(HelloOS.elf elf32-i386)

.comment        0x0000000000000000       0x35
 .comment       0x0000000000000000       0x35 main.o
                                         0x36 (size before relaxing)
 .comment       0x0000000000000035       0x36 vgastr.o

.note.GNU-stack
                0x0000000000000000        0x0
 .note.GNU-stack
                0x0000000000000000        0x0 main.o
 .note.GNU-stack
                0x0000000000000000        0x0 vgastr.o
